Processing nanoatmega328new (platform: atmelavr; board: nanoatmega328new; framework: arduino; lib_deps: marcoschwartz/LiquidCrystal_I2C@^1.1.4, luisllamasbinaburo/I2CScanner@^1.0.1, Wire)
--------------------------------------------------------------------------------
CONFIGURATION: https://docs.platformio.org/page/boards/atmelavr/nanoatmega328new.html
PLATFORM: Atmel AVR (4.2.0) > Arduino Nano ATmega328 (New Bootloader)
HARDWARE: ATMEGA328P 16MHz, 2KB RAM, 30KB Flash
DEBUG: Current (avr-stub) External (avr-stub, simavr)
PACKAGES: 
 - framework-arduino-avr @ 5.1.0 
 - toolchain-atmelavr @ 1.70300.191015 (7.3.0)
LDF: Library Dependency Finder -> https://bit.ly/configure-pio-ldf
LDF Modes: Finder ~ chain, Compatibility ~ soft
Found 9 compatible libraries
Scanning dependencies...
Dependency Graph
|-- LiquidCrystal_I2C @ 1.1.4 (License: Unknown, Path: C:\Users\David Koffi\Documents\SOLIDWORKS Projects\Solidworks Projects\Cat Feeder Parts\CatFeeder\.pio\libdeps\nanoatmega328new\LiquidCrystal_I2C)
|   |-- Wire @ 1.0 (License: Unknown, Path: C:\Users\David Koffi\.platformio\packages\framework-arduino-avr\libraries\Wire)
|-- I2CScanner @ 1.0.1 (License: Unknown, Path: C:\Users\David Koffi\Documents\SOLIDWORKS Projects\Solidworks Projects\Cat Feeder Parts\CatFeeder\.pio\libdeps\nanoatmega328new\I2CScanner)
|   |-- Wire @ 1.0 (License: Unknown, Path: C:\Users\David Koffi\.platformio\packages\framework-arduino-avr\libraries\Wire)
|-- Wire @ 1.0 (License: Unknown, Path: C:\Users\David Koffi\.platformio\packages\framework-arduino-avr\libraries\Wire)
Building in release mode
avr-g++ -o .pio\build\nanoatmega328new\src\LCD_RTC_tst.cpp.o -c -fno-exceptions -fno-threadsafe-statics -fpermissive -std=gnu++11 -mmcu=atmega328p -Os -Wall -ffunction-sections -fdata-sections -flto -DPLATFORMIO=60114 -DARDUINO_AVR_NANO -DF_CPU=16000000L -DARDUINO_ARCH_AVR -DARDUINO=10808 -Iinclude -Isrc -I.pio\libdeps\nanoatmega328new\I2CScanner\src -I.pio\libdeps\nanoatmega328new\LiquidCrystal_I2C "-IC:\Users\David Koffi\.platformio\packages\framework-arduino-avr\libraries\Wire\src" "-IC:\Users\David Koffi\.platformio\packages\framework-arduino-avr\cores\arduino" "-IC:\Users\David Koffi\.platformio\packages\framework-arduino-avr\variants\eightanaloginputs" src\LCD_RTC_tst.cpp
avr-g++ -o .pio\build\nanoatmega328new\libce6\Wire\Wire.cpp.o -c -fno-exceptions -fno-threadsafe-statics -fpermissive -std=gnu++11 -mmcu=atmega328p -Os -Wall -ffunction-sections -fdata-sections -flto -DPLATFORMIO=60114 -DARDUINO_AVR_NANO -DF_CPU=16000000L -DARDUINO_ARCH_AVR -DARDUINO=10808 "-IC:\Users\David Koffi\.platformio\packages\framework-arduino-avr\libraries\Wire\src" "-IC:\Users\David Koffi\.platformio\packages\framework-arduino-avr\cores\arduino" "-IC:\Users\David Koffi\.platformio\packages\framework-arduino-avr\variants\eightanaloginputs" "C:\Users\David Koffi\.platformio\packages\framework-arduino-avr\libraries\Wire\src\Wire.cpp"
avr-gcc -o .pio\build\nanoatmega328new\libce6\Wire\utility\twi.c.o -c -std=gnu11 -fno-fat-lto-objects -mmcu=atmega328p -Os -Wall -ffunction-sections -fdata-sections -flto -DPLATFORMIO=60114 -DARDUINO_AVR_NANO -DF_CPU=16000000L -DARDUINO_ARCH_AVR -DARDUINO=10808 "-IC:\Users\David Koffi\.platformio\packages\framework-arduino-avr\libraries\Wire\src" "-IC:\Users\David Koffi\.platformio\packages\framework-arduino-avr\cores\arduino" "-IC:\Users\David Koffi\.platformio\packages\framework-arduino-avr\variants\eightanaloginputs" "C:\Users\David Koffi\.platformio\packages\framework-arduino-avr\libraries\Wire\src\utility\twi.c"
avr-g++ -o .pio\build\nanoatmega328new\libdaf\LiquidCrystal_I2C\LiquidCrystal_I2C.cpp.o -c -fno-exceptions -fno-threadsafe-statics -fpermissive -std=gnu++11 -mmcu=atmega328p -Os -Wall -ffunction-sections -fdata-sections -flto -DPLATFORMIO=60114 -DARDUINO_AVR_NANO -DF_CPU=16000000L -DARDUINO_ARCH_AVR -DARDUINO=10808 -I.pio\libdeps\nanoatmega328new\LiquidCrystal_I2C "-IC:\Users\David Koffi\.platformio\packages\framework-arduino-avr\libraries\Wire\src" "-IC:\Users\David Koffi\.platformio\packages\framework-arduino-avr\cores\arduino" "-IC:\Users\David Koffi\.platformio\packages\framework-arduino-avr\variants\eightanaloginputs" .pio\libdeps\nanoatmega328new\LiquidCrystal_I2C\LiquidCrystal_I2C.cpp
avr-g++ -o .pio\build\nanoatmega328new\lib297\I2CScanner\I2CScanner.cpp.o -c -fno-exceptions -fno-threadsafe-statics -fpermissive -std=gnu++11 -mmcu=atmega328p -Os -Wall -ffunction-sections -fdata-sections -flto -DPLATFORMIO=60114 -DARDUINO_AVR_NANO -DF_CPU=16000000L -DARDUINO_ARCH_AVR -DARDUINO=10808 -I.pio\libdeps\nanoatmega328new\I2CScanner\src "-IC:\Users\David Koffi\.platformio\packages\framework-arduino-avr\libraries\Wire\src" "-IC:\Users\David Koffi\.platformio\packages\framework-arduino-avr\cores\arduino" "-IC:\Users\David Koffi\.platformio\packages\framework-arduino-avr\variants\eightanaloginputs" .pio\libdeps\nanoatmega328new\I2CScanner\src\I2CScanner.cpp
avr-gcc-ar rc .pio\build\nanoatmega328new\libFrameworkArduinoVariant.a
avr-g++ -o .pio\build\nanoatmega328new\FrameworkArduino\CDC.cpp.o -c -fno-exceptions -fno-threadsafe-statics -fpermissive -std=gnu++11 -mmcu=atmega328p -Os -Wall -ffunction-sections -fdata-sections -flto -DPLATFORMIO=60114 -DARDUINO_AVR_NANO -DF_CPU=16000000L -DARDUINO_ARCH_AVR -DARDUINO=10808 "-IC:\Users\David Koffi\.platformio\packages\framework-arduino-avr\cores\arduino" "-IC:\Users\David Koffi\.platformio\packages\framework-arduino-avr\variants\eightanaloginputs" "C:\Users\David Koffi\.platformio\packages\framework-arduino-avr\cores\arduino\CDC.cpp"
avr-g++ -o .pio\build\nanoatmega328new\FrameworkArduino\HardwareSerial.cpp.o -c -fno-exceptions -fno-threadsafe-statics -fpermissive -std=gnu++11 -mmcu=atmega328p -Os -Wall -ffunction-sections -fdata-sections -flto -DPLATFORMIO=60114 -DARDUINO_AVR_NANO -DF_CPU=16000000L -DARDUINO_ARCH_AVR -DARDUINO=10808 "-IC:\Users\David Koffi\.platformio\packages\framework-arduino-avr\cores\arduino" "-IC:\Users\David Koffi\.platformio\packages\framework-arduino-avr\variants\eightanaloginputs" "C:\Users\David Koffi\.platformio\packages\framework-arduino-avr\cores\arduino\HardwareSerial.cpp"
avr-gcc-ranlib .pio\build\nanoatmega328new\libFrameworkArduinoVariant.a
avr-g++ -o .pio\build\nanoatmega328new\FrameworkArduino\HardwareSerial0.cpp.o -c -fno-exceptions -fno-threadsafe-statics -fpermissive -std=gnu++11 -mmcu=atmega328p -Os -Wall -ffunction-sections -fdata-sections -flto -DPLATFORMIO=60114 -DARDUINO_AVR_NANO -DF_CPU=16000000L -DARDUINO_ARCH_AVR -DARDUINO=10808 "-IC:\Users\David Koffi\.platformio\packages\framework-arduino-avr\cores\arduino" "-IC:\Users\David Koffi\.platformio\packages\framework-arduino-avr\variants\eightanaloginputs" "C:\Users\David Koffi\.platformio\packages\framework-arduino-avr\cores\arduino\HardwareSerial0.cpp"
avr-g++ -o .pio\build\nanoatmega328new\FrameworkArduino\HardwareSerial1.cpp.o -c -fno-exceptions -fno-threadsafe-statics -fpermissive -std=gnu++11 -mmcu=atmega328p -Os -Wall -ffunction-sections -fdata-sections -flto -DPLATFORMIO=60114 -DARDUINO_AVR_NANO -DF_CPU=16000000L -DARDUINO_ARCH_AVR -DARDUINO=10808 "-IC:\Users\David Koffi\.platformio\packages\framework-arduino-avr\cores\arduino" "-IC:\Users\David Koffi\.platformio\packages\framework-arduino-avr\variants\eightanaloginputs" "C:\Users\David Koffi\.platformio\packages\framework-arduino-avr\cores\arduino\HardwareSerial1.cpp"
avr-g++ -o .pio\build\nanoatmega328new\FrameworkArduino\HardwareSerial2.cpp.o -c -fno-exceptions -fno-threadsafe-statics -fpermissive -std=gnu++11 -mmcu=atmega328p -Os -Wall -ffunction-sections -fdata-sections -flto -DPLATFORMIO=60114 -DARDUINO_AVR_NANO -DF_CPU=16000000L -DARDUINO_ARCH_AVR -DARDUINO=10808 "-IC:\Users\David Koffi\.platformio\packages\framework-arduino-avr\cores\arduino" "-IC:\Users\David Koffi\.platformio\packages\framework-arduino-avr\variants\eightanaloginputs" "C:\Users\David Koffi\.platformio\packages\framework-arduino-avr\cores\arduino\HardwareSerial2.cpp"
avr-g++ -o .pio\build\nanoatmega328new\FrameworkArduino\HardwareSerial3.cpp.o -c -fno-exceptions -fno-threadsafe-statics -fpermissive -std=gnu++11 -mmcu=atmega328p -Os -Wall -ffunction-sections -fdata-sections -flto -DPLATFORMIO=60114 -DARDUINO_AVR_NANO -DF_CPU=16000000L -DARDUINO_ARCH_AVR -DARDUINO=10808 "-IC:\Users\David Koffi\.platformio\packages\framework-arduino-avr\cores\arduino" "-IC:\Users\David Koffi\.platformio\packages\framework-arduino-avr\variants\eightanaloginputs" "C:\Users\David Koffi\.platformio\packages\framework-arduino-avr\cores\arduino\HardwareSerial3.cpp"
avr-gcc-ar rc .pio\build\nanoatmega328new\lib297\libI2CScanner.a .pio\build\nanoatmega328new\lib297\I2CScanner\I2CScanner.cpp.o
avr-gcc-ar rc .pio\build\nanoatmega328new\libdaf\libLiquidCrystal_I2C.a .pio\build\nanoatmega328new\libdaf\LiquidCrystal_I2C\LiquidCrystal_I2C.cpp.o
avr-gcc-ar rc .pio\build\nanoatmega328new\libce6\libWire.a .pio\build\nanoatmega328new\libce6\Wire\Wire.cpp.o .pio\build\nanoatmega328new\libce6\Wire\utility\twi.c.o
avr-g++ -o .pio\build\nanoatmega328new\FrameworkArduino\IPAddress.cpp.o -c -fno-exceptions -fno-threadsafe-statics -fpermissive -std=gnu++11 -mmcu=atmega328p -Os -Wall -ffunction-sections -fdata-sections -flto -DPLATFORMIO=60114 -DARDUINO_AVR_NANO -DF_CPU=16000000L -DARDUINO_ARCH_AVR -DARDUINO=10808 "-IC:\Users\David Koffi\.platformio\packages\framework-arduino-avr\cores\arduino" "-IC:\Users\David Koffi\.platformio\packages\framework-arduino-avr\variants\eightanaloginputs" "C:\Users\David Koffi\.platformio\packages\framework-arduino-avr\cores\arduino\IPAddress.cpp"
avr-g++ -o .pio\build\nanoatmega328new\FrameworkArduino\PluggableUSB.cpp.o -c -fno-exceptions -fno-threadsafe-statics -fpermissive -std=gnu++11 -mmcu=atmega328p -Os -Wall -ffunction-sections -fdata-sections -flto -DPLATFORMIO=60114 -DARDUINO_AVR_NANO -DF_CPU=16000000L -DARDUINO_ARCH_AVR -DARDUINO=10808 "-IC:\Users\David Koffi\.platformio\packages\framework-arduino-avr\cores\arduino" "-IC:\Users\David Koffi\.platformio\packages\framework-arduino-avr\variants\eightanaloginputs" "C:\Users\David Koffi\.platformio\packages\framework-arduino-avr\cores\arduino\PluggableUSB.cpp"
avr-g++ -o .pio\build\nanoatmega328new\FrameworkArduino\Print.cpp.o -c -fno-exceptions -fno-threadsafe-statics -fpermissive -std=gnu++11 -mmcu=atmega328p -Os -Wall -ffunction-sections -fdata-sections -flto -DPLATFORMIO=60114 -DARDUINO_AVR_NANO -DF_CPU=16000000L -DARDUINO_ARCH_AVR -DARDUINO=10808 "-IC:\Users\David Koffi\.platformio\packages\framework-arduino-avr\cores\arduino" "-IC:\Users\David Koffi\.platformio\packages\framework-arduino-avr\variants\eightanaloginputs" "C:\Users\David Koffi\.platformio\packages\framework-arduino-avr\cores\arduino\Print.cpp"
avr-g++ -o .pio\build\nanoatmega328new\FrameworkArduino\Stream.cpp.o -c -fno-exceptions -fno-threadsafe-statics -fpermissive -std=gnu++11 -mmcu=atmega328p -Os -Wall -ffunction-sections -fdata-sections -flto -DPLATFORMIO=60114 -DARDUINO_AVR_NANO -DF_CPU=16000000L -DARDUINO_ARCH_AVR -DARDUINO=10808 "-IC:\Users\David Koffi\.platformio\packages\framework-arduino-avr\cores\arduino" "-IC:\Users\David Koffi\.platformio\packages\framework-arduino-avr\variants\eightanaloginputs" "C:\Users\David Koffi\.platformio\packages\framework-arduino-avr\cores\arduino\Stream.cpp"
avr-gcc-ranlib .pio\build\nanoatmega328new\libdaf\libLiquidCrystal_I2C.a
avr-gcc-ranlib .pio\build\nanoatmega328new\lib297\libI2CScanner.a
avr-gcc-ranlib .pio\build\nanoatmega328new\libce6\libWire.a
avr-g++ -o .pio\build\nanoatmega328new\FrameworkArduino\Tone.cpp.o -c -fno-exceptions -fno-threadsafe-statics -fpermissive -std=gnu++11 -mmcu=atmega328p -Os -Wall -ffunction-sections -fdata-sections -flto -DPLATFORMIO=60114 -DARDUINO_AVR_NANO -DF_CPU=16000000L -DARDUINO_ARCH_AVR -DARDUINO=10808 "-IC:\Users\David Koffi\.platformio\packages\framework-arduino-avr\cores\arduino" "-IC:\Users\David Koffi\.platformio\packages\framework-arduino-avr\variants\eightanaloginputs" "C:\Users\David Koffi\.platformio\packages\framework-arduino-avr\cores\arduino\Tone.cpp"
avr-g++ -o .pio\build\nanoatmega328new\FrameworkArduino\USBCore.cpp.o -c -fno-exceptions -fno-threadsafe-statics -fpermissive -std=gnu++11 -mmcu=atmega328p -Os -Wall -ffunction-sections -fdata-sections -flto -DPLATFORMIO=60114 -DARDUINO_AVR_NANO -DF_CPU=16000000L -DARDUINO_ARCH_AVR -DARDUINO=10808 "-IC:\Users\David Koffi\.platformio\packages\framework-arduino-avr\cores\arduino" "-IC:\Users\David Koffi\.platformio\packages\framework-arduino-avr\variants\eightanaloginputs" "C:\Users\David Koffi\.platformio\packages\framework-arduino-avr\cores\arduino\USBCore.cpp"
avr-gcc -o .pio\build\nanoatmega328new\FrameworkArduino\WInterrupts.c.o -c -std=gnu11 -fno-fat-lto-objects -mmcu=atmega328p -Os -Wall -ffunction-sections -fdata-sections -flto -DPLATFORMIO=60114 -DARDUINO_AVR_NANO -DF_CPU=16000000L -DARDUINO_ARCH_AVR -DARDUINO=10808 "-IC:\Users\David Koffi\.platformio\packages\framework-arduino-avr\cores\arduino" "-IC:\Users\David Koffi\.platformio\packages\framework-arduino-avr\variants\eightanaloginputs" "C:\Users\David Koffi\.platformio\packages\framework-arduino-avr\cores\arduino\WInterrupts.c"
avr-g++ -o .pio\build\nanoatmega328new\FrameworkArduino\WMath.cpp.o -c -fno-exceptions -fno-threadsafe-statics -fpermissive -std=gnu++11 -mmcu=atmega328p -Os -Wall -ffunction-sections -fdata-sections -flto -DPLATFORMIO=60114 -DARDUINO_AVR_NANO -DF_CPU=16000000L -DARDUINO_ARCH_AVR -DARDUINO=10808 "-IC:\Users\David Koffi\.platformio\packages\framework-arduino-avr\cores\arduino" "-IC:\Users\David Koffi\.platformio\packages\framework-arduino-avr\variants\eightanaloginputs" "C:\Users\David Koffi\.platformio\packages\framework-arduino-avr\cores\arduino\WMath.cpp"
avr-g++ -o .pio\build\nanoatmega328new\FrameworkArduino\WString.cpp.o -c -fno-exceptions -fno-threadsafe-statics -fpermissive -std=gnu++11 -mmcu=atmega328p -Os -Wall -ffunction-sections -fdata-sections -flto -DPLATFORMIO=60114 -DARDUINO_AVR_NANO -DF_CPU=16000000L -DARDUINO_ARCH_AVR -DARDUINO=10808 "-IC:\Users\David Koffi\.platformio\packages\framework-arduino-avr\cores\arduino" "-IC:\Users\David Koffi\.platformio\packages\framework-arduino-avr\variants\eightanaloginputs" "C:\Users\David Koffi\.platformio\packages\framework-arduino-avr\cores\arduino\WString.cpp"
avr-g++ -o .pio\build\nanoatmega328new\FrameworkArduino\abi.cpp.o -c -fno-exceptions -fno-threadsafe-statics -fpermissive -std=gnu++11 -mmcu=atmega328p -Os -Wall -ffunction-sections -fdata-sections -flto -DPLATFORMIO=60114 -DARDUINO_AVR_NANO -DF_CPU=16000000L -DARDUINO_ARCH_AVR -DARDUINO=10808 "-IC:\Users\David Koffi\.platformio\packages\framework-arduino-avr\cores\arduino" "-IC:\Users\David Koffi\.platformio\packages\framework-arduino-avr\variants\eightanaloginputs" "C:\Users\David Koffi\.platformio\packages\framework-arduino-avr\cores\arduino\abi.cpp"
avr-gcc -o .pio\build\nanoatmega328new\FrameworkArduino\hooks.c.o -c -std=gnu11 -fno-fat-lto-objects -mmcu=atmega328p -Os -Wall -ffunction-sections -fdata-sections -flto -DPLATFORMIO=60114 -DARDUINO_AVR_NANO -DF_CPU=16000000L -DARDUINO_ARCH_AVR -DARDUINO=10808 "-IC:\Users\David Koffi\.platformio\packages\framework-arduino-avr\cores\arduino" "-IC:\Users\David Koffi\.platformio\packages\framework-arduino-avr\variants\eightanaloginputs" "C:\Users\David Koffi\.platformio\packages\framework-arduino-avr\cores\arduino\hooks.c"
avr-g++ -o .pio\build\nanoatmega328new\FrameworkArduino\main.cpp.o -c -fno-exceptions -fno-threadsafe-statics -fpermissive -std=gnu++11 -mmcu=atmega328p -Os -Wall -ffunction-sections -fdata-sections -flto -DPLATFORMIO=60114 -DARDUINO_AVR_NANO -DF_CPU=16000000L -DARDUINO_ARCH_AVR -DARDUINO=10808 "-IC:\Users\David Koffi\.platformio\packages\framework-arduino-avr\cores\arduino" "-IC:\Users\David Koffi\.platformio\packages\framework-arduino-avr\variants\eightanaloginputs" "C:\Users\David Koffi\.platformio\packages\framework-arduino-avr\cores\arduino\main.cpp"
avr-g++ -o .pio\build\nanoatmega328new\FrameworkArduino\new.cpp.o -c -fno-exceptions -fno-threadsafe-statics -fpermissive -std=gnu++11 -mmcu=atmega328p -Os -Wall -ffunction-sections -fdata-sections -flto -DPLATFORMIO=60114 -DARDUINO_AVR_NANO -DF_CPU=16000000L -DARDUINO_ARCH_AVR -DARDUINO=10808 "-IC:\Users\David Koffi\.platformio\packages\framework-arduino-avr\cores\arduino" "-IC:\Users\David Koffi\.platformio\packages\framework-arduino-avr\variants\eightanaloginputs" "C:\Users\David Koffi\.platformio\packages\framework-arduino-avr\cores\arduino\new.cpp"
avr-gcc -o .pio\build\nanoatmega328new\FrameworkArduino\wiring.c.o -c -std=gnu11 -fno-fat-lto-objects -mmcu=atmega328p -Os -Wall -ffunction-sections -fdata-sections -flto -DPLATFORMIO=60114 -DARDUINO_AVR_NANO -DF_CPU=16000000L -DARDUINO_ARCH_AVR -DARDUINO=10808 "-IC:\Users\David Koffi\.platformio\packages\framework-arduino-avr\cores\arduino" "-IC:\Users\David Koffi\.platformio\packages\framework-arduino-avr\variants\eightanaloginputs" "C:\Users\David Koffi\.platformio\packages\framework-arduino-avr\cores\arduino\wiring.c"
avr-gcc -o .pio\build\nanoatmega328new\FrameworkArduino\wiring_analog.c.o -c -std=gnu11 -fno-fat-lto-objects -mmcu=atmega328p -Os -Wall -ffunction-sections -fdata-sections -flto -DPLATFORMIO=60114 -DARDUINO_AVR_NANO -DF_CPU=16000000L -DARDUINO_ARCH_AVR -DARDUINO=10808 "-IC:\Users\David Koffi\.platformio\packages\framework-arduino-avr\cores\arduino" "-IC:\Users\David Koffi\.platformio\packages\framework-arduino-avr\variants\eightanaloginputs" "C:\Users\David Koffi\.platformio\packages\framework-arduino-avr\cores\arduino\wiring_analog.c"
avr-gcc -o .pio\build\nanoatmega328new\FrameworkArduino\wiring_digital.c.o -c -std=gnu11 -fno-fat-lto-objects -mmcu=atmega328p -Os -Wall -ffunction-sections -fdata-sections -flto -DPLATFORMIO=60114 -DARDUINO_AVR_NANO -DF_CPU=16000000L -DARDUINO_ARCH_AVR -DARDUINO=10808 "-IC:\Users\David Koffi\.platformio\packages\framework-arduino-avr\cores\arduino" "-IC:\Users\David Koffi\.platformio\packages\framework-arduino-avr\variants\eightanaloginputs" "C:\Users\David Koffi\.platformio\packages\framework-arduino-avr\cores\arduino\wiring_digital.c"
avr-gcc -mmcu=atmega328p -x assembler-with-cpp -DPLATFORMIO=60114 -DARDUINO_AVR_NANO -DF_CPU=16000000L -DARDUINO_ARCH_AVR -DARDUINO=10808 "-IC:\Users\David Koffi\.platformio\packages\framework-arduino-avr\cores\arduino" "-IC:\Users\David Koffi\.platformio\packages\framework-arduino-avr\variants\eightanaloginputs" -c -o .pio\build\nanoatmega328new\FrameworkArduino\wiring_pulse.S.o "C:\Users\David Koffi\.platformio\packages\framework-arduino-avr\cores\arduino\wiring_pulse.S"
avr-gcc -o .pio\build\nanoatmega328new\FrameworkArduino\wiring_pulse.c.o -c -std=gnu11 -fno-fat-lto-objects -mmcu=atmega328p -Os -Wall -ffunction-sections -fdata-sections -flto -DPLATFORMIO=60114 -DARDUINO_AVR_NANO -DF_CPU=16000000L -DARDUINO_ARCH_AVR -DARDUINO=10808 "-IC:\Users\David Koffi\.platformio\packages\framework-arduino-avr\cores\arduino" "-IC:\Users\David Koffi\.platformio\packages\framework-arduino-avr\variants\eightanaloginputs" "C:\Users\David Koffi\.platformio\packages\framework-arduino-avr\cores\arduino\wiring_pulse.c"
avr-gcc -o .pio\build\nanoatmega328new\FrameworkArduino\wiring_shift.c.o -c -std=gnu11 -fno-fat-lto-objects -mmcu=atmega328p -Os -Wall -ffunction-sections -fdata-sections -flto -DPLATFORMIO=60114 -DARDUINO_AVR_NANO -DF_CPU=16000000L -DARDUINO_ARCH_AVR -DARDUINO=10808 "-IC:\Users\David Koffi\.platformio\packages\framework-arduino-avr\cores\arduino" "-IC:\Users\David Koffi\.platformio\packages\framework-arduino-avr\variants\eightanaloginputs" "C:\Users\David Koffi\.platformio\packages\framework-arduino-avr\cores\arduino\wiring_shift.c"
avr-gcc-ar rc .pio\build\nanoatmega328new\libFrameworkArduino.a .pio\build\nanoatmega328new\FrameworkArduino\CDC.cpp.o .pio\build\nanoatmega328new\FrameworkArduino\HardwareSerial.cpp.o .pio\build\nanoatmega328new\FrameworkArduino\HardwareSerial0.cpp.o .pio\build\nanoatmega328new\FrameworkArduino\HardwareSerial1.cpp.o .pio\build\nanoatmega328new\FrameworkArduino\HardwareSerial2.cpp.o .pio\build\nanoatmega328new\FrameworkArduino\HardwareSerial3.cpp.o .pio\build\nanoatmega328new\FrameworkArduino\IPAddress.cpp.o .pio\build\nanoatmega328new\FrameworkArduino\PluggableUSB.cpp.o .pio\build\nanoatmega328new\FrameworkArduino\Print.cpp.o .pio\build\nanoatmega328new\FrameworkArduino\Stream.cpp.o .pio\build\nanoatmega328new\FrameworkArduino\Tone.cpp.o .pio\build\nanoatmega328new\FrameworkArduino\USBCore.cpp.o .pio\build\nanoatmega328new\FrameworkArduino\WInterrupts.c.o .pio\build\nanoatmega328new\FrameworkArduino\WMath.cpp.o .pio\build\nanoatmega328new\FrameworkArduino\WString.cpp.o .pio\build\nanoatmega328new\FrameworkArduino\abi.cpp.o .pio\build\nanoatmega328new\FrameworkArduino\hooks.c.o .pio\build\nanoatmega328new\FrameworkArduino\main.cpp.o .pio\build\nanoatmega328new\FrameworkArduino\new.cpp.o .pio\build\nanoatmega328new\FrameworkArduino\wiring.c.o .pio\build\nanoatmega328new\FrameworkArduino\wiring_analog.c.o .pio\build\nanoatmega328new\FrameworkArduino\wiring_digital.c.o .pio\build\nanoatmega328new\FrameworkArduino\wiring_pulse.S.o .pio\build\nanoatmega328new\FrameworkArduino\wiring_pulse.c.o .pio\build\nanoatmega328new\FrameworkArduino\wiring_shift.c.o
avr-gcc-ranlib .pio\build\nanoatmega328new\libFrameworkArduino.a
avr-g++ -o .pio\build\nanoatmega328new\firmware.elf -mmcu=atmega328p -Os -Wl,--gc-sections -flto -fuse-linker-plugin .pio\build\nanoatmega328new\src\LCD_RTC_tst.cpp.o -L.pio\build\nanoatmega328new -Wl,--start-group .pio\build\nanoatmega328new\libce6\libWire.a .pio\build\nanoatmega328new\libdaf\libLiquidCrystal_I2C.a .pio\build\nanoatmega328new\lib297\libI2CScanner.a .pio\build\nanoatmega328new\libFrameworkArduinoVariant.a .pio\build\nanoatmega328new\libFrameworkArduino.a -lm -Wl,--end-group
pio : C:\Users\DAVIDK~1\AppData\Local\Temp\cc4iXQO7.ltrans0.ltrans.o: In function `main':
At line:2 char:1
+ pio run -v > compile.log 2>&1
+ ~~~~~~~~~~~~~~~~~~~~~~~~~~~~~
    + CategoryInfo          : NotSpecified: (C:\Users\DAVIDK...unction `main'::String) [], RemoteException
    + FullyQualifiedErrorId : NativeCommandError
 
<artificial>:(.text.startup+0xc8): undefined reference to `setup'
<artificial>:(.text.startup+0xd0): undefined reference to `loop'
collect2.exe: error: ld returned 1 exit status
*** [.pio\build\nanoatmega328new\firmware.elf] Error 1
========================== [FAILED] Took 3.92 seconds ==========================
